/Users/ROFI/Develop/proyek/hybridLms/venv/lib/python3.13/site-packages/rest_framework_simplejwt/__init__.py:1: UserWarning: pkg_resources is deprecated as an API. See https://setuptools.pypa.io/en/latest/pkg_resources.html. The pkg_resources package is slated for removal as early as 2025-11-30. Refrain from using this package or pin to Setuptools<81.
  from pkg_resources import DistributionNotFound, get_distribution
/Users/ROFI/Develop/proyek/hybridLms/venv/lib/python3.13/site-packages/django/db/backends/utils.py:98: RuntimeWarning: Accessing the database during app initialization is discouraged. To fix this warning, avoid executing queries in AppConfig.ready() or when your app modules are imported.
  warnings.warn(self.APPS_NOT_READY_WARNING_MSG, category=RuntimeWarning)

----------------------------------------------------------------------
Ran 0 tests in 0.000s

NO TESTS RAN
Found 0 test(s).
Skipping setup of unused database(s): default.
System check identified no issues (0 silenced).
